built product-0 4 summary_tokens 88
built product-0 19 summary_tokens 95
built product-0 20 summary_tokens 21
built product-0 21 summary_tokens 22
built product-0 22 summary_tokens 27
built product-0 24 summary_tokens 84
built product-0 26 summary_tokens 77
built product-0 27 summary_tokens 44
built product-0 28 summary_tokens 77
built product-0 30 summary_tokens 126
built product-0 31 summary_tokens 51
built product-0 52 summary_tokens 345
built product-0 53 summary_tokens 44
built product-0 54 summary_tokens 48
built product-0 55 summary_tokens 163
built product-0 56 summary_tokens 41
answered product-0/budget_initial B 1
answered product-0/budget_updated B 1
answered product-0/todo_open B 1
answered product-0/todo_done B 1
answered product-0/todo_reopen B 1
answered product-0/todo_cancel B 1
answered product-0/member_conflict B 0
answered product-0/agent_unconfirmed B 1
answered product-0/duplicate_once B 1
answered product-0/audio_unclear B 0
answered product-0/audio_corrected B 0
answered product-0/unknown B 0
answered product-0/old_goal B 0
answered product-0/irrelevant_constraint B 0
answered product-0/preference B 0
answered product-0/lag B 1
answered product-0/historical B 0
answered product-0/late_arrival B 1
answered product-0/untrusted_update B 0
answered product-0/openquestion B 0
answered product-0/isolation B 0
