built product-0 4 summary_tokens 342
built product-0 19 summary_tokens 678
built product-0 20 summary_tokens 770
built product-0 21 summary_tokens 838
built product-0 22 summary_tokens 1061
built product-0 24 summary_tokens 1231
built product-0 26 summary_tokens 1388
built product-0 27 summary_tokens 1536
built product-0 28 summary_tokens 1536
Traceback (most recent call last):
  File "/Users/songyy/Documents/edc-memory-lab-20260912/src/run.py", line 99, in <module>
    if __name__=='__main__':main()
                            ^^^^^^
  File "/Users/songyy/Documents/edc-memory-lab-20260912/src/run.py", line 79, in main
    snaps,us=build(h,[q['cutoff'] for q in hqs],model,conf,dest/'snapshots');build_usage.extend(dict(u,history=h['id']) for u in us)
             ^^^^^^^^^^^^^^^^^^^^^^^^^^^^^^^^^^^^^^^^^^^^^^^^^^^^^^^^^^^^^^^
  File "/Users/songyy/Documents/edc-memory-lab-20260912/src/run.py", line 26, in build
    text,u=model.call('build-summary/'+h['id'],[{'role':'system','content':prompt+'\n'+h.get('policy','')},{'role':'user','content':'PRIOR SUMMARY:\n'+summary+'\nNEW EVENTS:\n'+'\n\n'.join(render(e) for e in b)}],max_tokens=config.get('summary_max_tokens',520))
           ^^^^^^^^^^^^^^^^^^^^^^^^^^^^^^^^^^^^^^^^^^^^^^^^^^^^^^^^^^^^^^^^^^^^^^^^^^^^^^^^^^^^^^^^^^^^^^^^^^^^^^^^^^^^^^^^^^^^^^^^^^^^^^^^^^^^^^^^^^^^^^^^^^^^^^^^^^^^^^^^^^^^^^^^^^^^^^^^^^^^^^^^^^^^^^^^^^^^^^^^^^^^^^^^^^^^^^^^^^^^^^^^^^^^^^^^^^^^^^^^^^^^^^^^^^
  File "/Users/songyy/Documents/edc-memory-lab-20260912/src/core.py", line 35, in call
    data=json.load(urllib.request.urlopen(urllib.request.Request(self.endpoint+'/api/chat',jdump(req).encode(),{'Content-Type':'application/json'}),timeout=240))
                   ^^^^^^^^^^^^^^^^^^^^^^^^^^^^^^^^^^^^^^^^^^^^^^^^^^^^^^^^^^^^^^^^^^^^^^^^^^^^^^^^^^^^^^^^^^^^^^^^^^^^^^^^^^^^^^^^^^^^^^^^^^^^^^^^^^^^^^^^^^^^^
  File "/Users/songyy/.local/share/uv/python/cpython-3.12.13-macos-aarch64-none/lib/python3.12/urllib/request.py", line 215, in urlopen
    return opener.open(url, data, timeout)
           ^^^^^^^^^^^^^^^^^^^^^^^^^^^^^^^
  File "/Users/songyy/.local/share/uv/python/cpython-3.12.13-macos-aarch64-none/lib/python3.12/urllib/request.py", line 515, in open
    response = self._open(req, data)
               ^^^^^^^^^^^^^^^^^^^^^
  File "/Users/songyy/.local/share/uv/python/cpython-3.12.13-macos-aarch64-none/lib/python3.12/urllib/request.py", line 532, in _open
    result = self._call_chain(self.handle_open, protocol, protocol +
             ^^^^^^^^^^^^^^^^^^^^^^^^^^^^^^^^^^^^^^^^^^^^^^^^^^^^^^^
  File "/Users/songyy/.local/share/uv/python/cpython-3.12.13-macos-aarch64-none/lib/python3.12/urllib/request.py", line 492, in _call_chain
    result = func(*args)
             ^^^^^^^^^^^
  File "/Users/songyy/.local/share/uv/python/cpython-3.12.13-macos-aarch64-none/lib/python3.12/urllib/request.py", line 1373, in http_open
    return self.do_open(http.client.HTTPConnection, req)
           ^^^^^^^^^^^^^^^^^^^^^^^^^^^^^^^^^^^^^^^^^^^^^
  File "/Users/songyy/.local/share/uv/python/cpython-3.12.13-macos-aarch64-none/lib/python3.12/urllib/request.py", line 1348, in do_open
    r = h.getresponse()
        ^^^^^^^^^^^^^^^
  File "/Users/songyy/.local/share/uv/python/cpython-3.12.13-macos-aarch64-none/lib/python3.12/http/client.py", line 1450, in getresponse
    response.begin()
  File "/Users/songyy/.local/share/uv/python/cpython-3.12.13-macos-aarch64-none/lib/python3.12/http/client.py", line 336, in begin
    version, status, reason = self._read_status()
                              ^^^^^^^^^^^^^^^^^^^
  File "/Users/songyy/.local/share/uv/python/cpython-3.12.13-macos-aarch64-none/lib/python3.12/http/client.py", line 297, in _read_status
    line = str(self.fp.readline(_MAXLINE + 1), "iso-8859-1")
               ^^^^^^^^^^^^^^^^^^^^^^^^^^^^^^
  File "/Users/songyy/.local/share/uv/python/cpython-3.12.13-macos-aarch64-none/lib/python3.12/socket.py", line 720, in readinto
    return self._sock.recv_into(b)
           ^^^^^^^^^^^^^^^^^^^^^^^
KeyboardInterrupt
